gthr-default.h:229:1:int __gthread_key_delete(__gthread_key_t)	16	static
main.cpp:60:6:void send_string(char*)	16	static
main.cpp:64:6:void send_char(char)	16	static
main.cpp:68:5:int __io_putchar(int)	16	static
main.cpp:75:6:void HAL_UART_RxCpltCallback(UART_HandleTypeDef*)	16	static
main.cpp:89:5:int main()	16	static
main.cpp:146:6:void SystemClock_Config()	160	static
main.cpp:191:6:void Error_Handler()	4	static
main.cpp:197:1:void __static_initialization_and_destruction_0(int, int)	16	static
main.cpp:197:1:cpp)	8	static
